INFO: [Common 17-3922] A valid Vivado Design Suite BASIC license has been detected. Your current license is active and will expire on 12-aug-2027.
#-----------------------------------------------------------
# Vivado v2026.1 (64-bit)
# SW Build 6511674 on Tue Jun 16 11:02:23 MDT 2026
# IP Build 6504888 on Tue Jun 09 09:05:25 MDT 2026
# SharedData Build 6501428 on Mon Jun 08 17:34:18 MDT 2026
# Start of session at: Wed Aug 12 14:19:18 2026
# Process ID         : 3336
# Current directory  : C:/Users/Levi Farinas/Documents/GitHub/Radar/Processing/Vivado/AD936X_PL/projects/fmcomms2/zc702
# Command line       : vivado.exe -gui_launcher_event rodinguilauncherevent19816 C:\Users\Levi Farinas\Documents\GitHub\Radar\Processing\Vivado\AD936X_PL\projects\fmcomms2\zc702\zc702.xpr
# Log file           : C:/Users/Levi Farinas/Documents/GitHub/Radar/Processing/Vivado/AD936X_PL/projects/fmcomms2/zc702/vivado.log
# Journal file       : C:/Users/Levi Farinas/Documents/GitHub/Radar/Processing/Vivado/AD936X_PL/projects/fmcomms2/zc702\vivado.jou
# Running On         : LevisPC
# Platform           : Windows 11
# Operating System   : 26200
# Processor Detail   : AMD Ryzen 7 5700X 8-Core Processor             
# CPU Frequency      : 3394 MHz
# CPU Physical cores : 8
# CPU Logical cores  : 16
# Host memory        : 34278 MB
# Swap memory        : 5368 MB
# Total Virtual      : 39647 MB
# Available Virtual  : 24133 MB
#-----------------------------------------------------------
start_gui
open_project {C:/Users/Levi Farinas/Documents/GitHub/Radar/Processing/Vivado/AD936X_PL/projects/fmcomms2/zc702/zc702.xpr}
INFO: [ProjectBase 1-489] The host OS only allows 260 characters in a normal path. The project is stored in a path with more than 80 characters. If you experience issues with IP, Block Designs, or files not being found, please consider moving the project to a location with a shorter path. Alternately consider using the OS subst command to map part of the path to a drive letter.
Current project path is 'C:/Users/Levi Farinas/Documents/GitHub/Radar/Processing/Vivado/AD936X_PL/projects/fmcomms2/zc702'
WARNING: [filemgmt 56-3] IP Repository Path: Could not find the directory 'C:/Users/Levi Farinas/Documents/GitHub/Radar/Processing/MyCore_7010_V3/AD936X_PL/library'.
WARNING: [filemgmt 56-3] IP Repository Path: Could not find the directory 'C:/Users/Levi Farinas/Documents/GitHub/Radar/Processing/MyCore_7010_V3/ghdl/library'.
Scanning sources...
Finished scanning sources
WARNING: [Project 1-5713] Board part '' set for the project  is not found. BoardPart property will be unset. Please select board from latest repo build 
INFO: [IP_Flow 19-234] Refreshing IP repositories
WARNING: [IP_Flow 19-2248] Failed to load user IP repository 'c:/Users/Levi Farinas/Documents/GitHub/Radar/Processing/MyCore_7010_V3/AD936X_PL/library'; Can't find the specified path.
If this directory should no longer be in your list of user repositories, go to the IP Settings dialog and remove it.
WARNING: [IP_Flow 19-2248] Failed to load user IP repository 'c:/Users/Levi Farinas/Documents/GitHub/Radar/Processing/MyCore_7010_V3/ghdl/library'; Can't find the specified path.
If this directory should no longer be in your list of user repositories, go to the IP Settings dialog and remove it.
INFO: [IP_Flow 19-2313] Loaded Vivado IP repository 'C:/AMDDesignTools/2026.1/Vivado/data/ip'.
WARNING: [BD 41-1661] One or more IPs have been locked in the design 'system.bd'. Please run report_ip_status for more details and recommendations on how to fix this issue.
List of locked IPs:
system_axi_ad9361_adc_dma_0
system_axi_ad9361_dac_fifo_0
system_sys_rstgen_0
system_GND_1_0
system_axi_ad9361_0
system_axi_ad9361_dac_dma_0
system_auto_pc_0
system_util_ad9361_divclk_0
system_xbar_0
system_auto_pc_3
system_auto_pc_1
system_auto_pc_2
system_axi_cpu_interconnect_0
system_axi_hp1_interconnect_0
system_util_ad9361_tdd_sync_0
system_axi_hp2_interconnect_0
system_sys_200m_rstgen_0
system_sys_concat_intc_0
system_sys_ps7_0
system_util_ad9361_adc_fifo_0
system_util_ad9361_adc_pack_0
system_util_ad9361_dac_upack_0
system_util_ad9361_divclk_reset_0
system_util_ad9361_divclk_sel_0
system_util_ad9361_divclk_sel_concat_0

INFO: [Project 1-5698] Found the below utility IPs instantiated in block design C:/Users/Levi Farinas/Documents/GitHub/Radar/Processing/Vivado/AD936X_PL/projects/fmcomms2/zc702/zc702.srcs/sources_1/bd/system/system.bd which have equivalent inline hdl with improved performance and reduced diskspace.
It is recommended to migrate these utility IPs to inline hdl  using the command upgrade_project -migrate_to_inline_hdl.  The utility IPs may be deprecated in future releases.
More information on inline hdl is available in UG994.
Utility IP Component Instances:
 system_GND_1_0
system_sys_concat_intc_0
system_util_ad9361_divclk_sel_0
system_util_ad9361_divclk_sel_concat_0
open_project: Time (s): cpu = 00:00:31 ; elapsed = 00:00:14 . Memory (MB): peak = 1867.762 ; gain = 418.312
update_compile_order -fileset sources_1
reset_run synth_1
launch_runs synth_1 -jobs 8
[Wed Aug 12 14:23:32 2026] Launched synth_1...
Run output will be captured here: C:/Users/Levi Farinas/Documents/GitHub/Radar/Processing/Vivado/AD936X_PL/projects/fmcomms2/zc702/zc702.runs/synth_1/runme.log
launch_runs impl_1 -jobs 8
[Wed Aug 12 14:25:24 2026] Launched impl_1...
Run output will be captured here: C:/Users/Levi Farinas/Documents/GitHub/Radar/Processing/Vivado/AD936X_PL/projects/fmcomms2/zc702/zc702.runs/impl_1/runme.log
ERROR: [Common 17-243] Documentation data file not found.
open_run impl_1
INFO: [Device 21-403] Loading part xc7z020clg400-2
Netlist sorting complete. Time (s): cpu = 00:00:01 ; elapsed = 00:00:00.245 . Memory (MB): peak = 2121.625 ; gain = 0.000
INFO: [Netlist 29-17] Analyzing 1954 Unisim elements for replacement
INFO: [Netlist 29-28] Unisim Transformation completed in 0 CPU seconds
INFO: [Project 1-479] Netlist was created with Vivado 2026.1
INFO: [Project 1-570] Preparing netlist for logic optimization
Read ShapeDB Complete: Time (s): cpu = 00:00:00 ; elapsed = 00:00:00.081 . Memory (MB): peak = 2262.117 ; gain = 10.484
INFO: [Timing 38-478] Restoring timing data from binary archive.
INFO: [Timing 38-479] Binary timing data restore complete.
INFO: [Project 1-856] Restoring constraints from binary archive.
INFO: [Project 1-853] Binary constraint restore complete.
INFO: [Designutils 20-5722] Start Reading Physical Databases.
Reading placement.
Read Netlist Cache: Time (s): cpu = 00:00:00 ; elapsed = 00:00:00.024 . Memory (MB): peak = 2903.172 ; gain = 0.000
Reading placer database...
Read Device Cache: Time (s): cpu = 00:00:00 ; elapsed = 00:00:00.010 . Memory (MB): peak = 2903.172 ; gain = 0.000
Read PlaceDB: Time (s): cpu = 00:00:00 ; elapsed = 00:00:00 . Memory (MB): peak = 2903.172 ; gain = 0.000
Read placeStorage: Time (s): cpu = 00:00:01 ; elapsed = 00:00:00.634 . Memory (MB): peak = 2925.566 ; gain = 22.395
Read PulsedLatchDB: Time (s): cpu = 00:00:00 ; elapsed = 00:00:00 . Memory (MB): peak = 2925.566 ; gain = 0.000
Reading routing.
Read RouteStorage: Time (s): cpu = 00:00:00 ; elapsed = 00:00:00.258 . Memory (MB): peak = 2925.566 ; gain = 0.000
Read Physdb Files: Time (s): cpu = 00:00:01 ; elapsed = 00:00:00.951 . Memory (MB): peak = 2925.566 ; gain = 22.395
Restored from archive | CPU: 1.000000 secs | Memory: 0.000000 MB |
Finished XDEF File Restore: Time (s): cpu = 00:00:01 ; elapsed = 00:00:00.953 . Memory (MB): peak = 2925.566 ; gain = 22.395
Netlist sorting complete. Time (s): cpu = 00:00:00 ; elapsed = 00:00:00.018 . Memory (MB): peak = 2940.938 ; gain = 0.000
INFO: [Project 1-111] Unisim Transformation Summary:
  A total of 88 instances were transformed.
  IOBUF => IOBUF (IBUF, OBUFT): 15 instances
  RAM16X1D => RAM32X1D (RAMD32(x2)): 6 instances
  RAM32M => RAM32M (RAMD32(x6), RAMS32(x2)): 57 instances
  RAM32X1D => RAM32X1D (RAMD32(x2)): 6 instances
  SRLC32E => SRL16E: 4 instances

open_run: Time (s): cpu = 00:00:31 ; elapsed = 00:00:21 . Memory (MB): peak = 4314.711 ; gain = 2445.789
open_report: Time (s): cpu = 00:00:25 ; elapsed = 00:00:23 . Memory (MB): peak = 4413.934 ; gain = 88.988
CRITICAL WARNING: [Timing 38-282] The design failed to meet the timing requirements. Please see the timing summary report for details on the timing violations.
INFO: [IP_Flow 19-1839] IP Catalog is up to date.
INFO: [IP_Flow 19-1839] IP Catalog is up to date.
INFO: [IP_Flow 19-1839] IP Catalog is up to date.
INFO: [IP_Flow 19-1839] IP Catalog is up to date.
INFO: [IP_Flow 19-1839] IP Catalog is up to date.
INFO: [IP_Flow 19-1839] IP Catalog is up to date.
INFO: [IP_Flow 19-1839] IP Catalog is up to date.
INFO: [IP_Flow 19-1839] IP Catalog is up to date.
INFO: [IP_Flow 19-1839] IP Catalog is up to date.
INFO: [IP_Flow 19-1839] IP Catalog is up to date.
INFO: [IP_Flow 19-1839] IP Catalog is up to date.
INFO: [IP_Flow 19-1839] IP Catalog is up to date.
INFO: [IP_Flow 19-1839] IP Catalog is up to date.
INFO: [IP_Flow 19-1839] IP Catalog is up to date.
INFO: [IP_Flow 19-1839] IP Catalog is up to date.
INFO: [IP_Flow 19-1839] IP Catalog is up to date.
INFO: [IP_Flow 19-1839] IP Catalog is up to date.
open_bd_design {C:/Users/Levi Farinas/Documents/GitHub/Radar/Processing/Vivado/AD936X_PL/projects/fmcomms2/zc702/zc702.srcs/sources_1/bd/system/system.bd}
Reading block design file <C:/Users/Levi Farinas/Documents/GitHub/Radar/Processing/Vivado/AD936X_PL/projects/fmcomms2/zc702/zc702.srcs/sources_1/bd/system/system.bd>...
Adding component instance block -- xilinx.com:ip:xlconstant:1.1 - GND_1
Adding component instance block -- analog.com:user:axi_ad9361:1.0 - axi_ad9361
Adding component instance block -- analog.com:user:axi_dmac:1.0 - axi_ad9361_adc_dma
CRITICAL WARNING: [BD 41-51] Could not find bus definition for the interface: fifo_wr 
CRITICAL WARNING: [BD 41-49] Could not find abstraction definition for the interface: fifo_wr 
CRITICAL WARNING: [BD 41-49] Could not find abstraction definition for the interface: fifo_wr 
Adding component instance block -- analog.com:user:axi_dmac:1.0 - axi_ad9361_dac_dma
Adding component instance block -- analog.com:user:util_rfifo:1.0 - axi_ad9361_dac_fifo
Adding component instance block -- xilinx.com:ip:axi_interconnect:2.1 - axi_cpu_interconnect
Adding component instance block -- xilinx.com:ip:axi_crossbar:2.1 - xbar
Adding component instance block -- xilinx.com:ip:axi_protocol_converter:2.1 - auto_pc
Adding component instance block -- xilinx.com:ip:axi_protocol_converter:2.1 - auto_pc
Adding component instance block -- xilinx.com:ip:axi_protocol_converter:2.1 - auto_pc
Adding component instance block -- xilinx.com:ip:axi_protocol_converter:2.1 - auto_pc
Adding component instance block -- xilinx.com:ip:smartconnect:1.0 - axi_hp1_interconnect
Adding component instance block -- xilinx.com:ip:smartconnect:1.0 - axi_hp2_interconnect
Adding component instance block -- xilinx.com:ip:proc_sys_reset:5.0 - sys_200m_rstgen
Adding component instance block -- xilinx.com:ip:xlconcat:2.1 - sys_concat_intc
Adding component instance block -- xilinx.com:ip:processing_system7:5.5 - sys_ps7
Adding component instance block -- xilinx.com:ip:proc_sys_reset:5.0 - sys_rstgen
Adding component instance block -- analog.com:user:util_wfifo:1.0 - util_ad9361_adc_fifo
Adding component instance block -- analog.com:user:util_cpack2:1.0 - util_ad9361_adc_pack
CRITICAL WARNING: [BD 41-51] Could not find bus definition for the interface: packed_fifo_wr 
CRITICAL WARNING: [BD 41-49] Could not find abstraction definition for the interface: packed_fifo_wr 
CRITICAL WARNING: [BD 41-49] Could not find abstraction definition for the interface: packed_fifo_wr 
Adding component instance block -- analog.com:user:util_upack2:1.0 - util_ad9361_dac_upack
Adding component instance block -- analog.com:user:util_clkdiv:1.0 - util_ad9361_divclk
Adding component instance block -- xilinx.com:ip:proc_sys_reset:5.0 - util_ad9361_divclk_reset
Adding component instance block -- xilinx.com:ip:util_reduced_logic:2.0 - util_ad9361_divclk_sel
Adding component instance block -- xilinx.com:ip:xlconcat:2.1 - util_ad9361_divclk_sel_concat
Adding component instance block -- analog.com:user:util_tdd_sync:1.0 - util_ad9361_tdd_sync
Successfully read diagram <system> from block design file <C:/Users/Levi Farinas/Documents/GitHub/Radar/Processing/Vivado/AD936X_PL/projects/fmcomms2/zc702/zc702.srcs/sources_1/bd/system/system.bd>
open_bd_design: Time (s): cpu = 00:00:05 ; elapsed = 00:00:06 . Memory (MB): peak = 4746.516 ; gain = 0.000
set_property location {6.5 2356 1420} [get_bd_cells axi_cpu_interconnect]
set_property location {7.5 2608 1306} [get_bd_cells axi_cpu_interconnect]
undo
INFO: [Common 17-17] undo 'set_property location {7.5 2608 1306} [get_bd_cells axi_cpu_interconnect]'
undo
INFO: [Common 17-17] undo 'set_property location {6.5 2356 1420} [get_bd_cells axi_cpu_interconnect]'
write_bd_layout -format pdf -orientation portrait {C:/Users/Levi Farinas/Documents/GitHub/Radar/Processing/Vivado/AD936X_PL/projects/fmcomms2/zc702/system.pdf}
C:/Users/Levi Farinas/Documents/GitHub/Radar/Processing/Vivado/AD936X_PL/projects/fmcomms2/zc702/system.pdf
set_operating_conditions -grade extended
set_load 5 [all_outputs]
report_power -name {power_1}
Command: report_power -name power_1
Running Vector-less Activity Propagation...
INFO: [Common 17-41] Interrupt caught. Command should exit soon.

Finished Running Vector-less Activity Propagation
1 Infos, 0 Warnings, 0 Critical Warnings and 0 Errors encountered.
report_power failed
report_power: Time (s): cpu = 00:00:16 ; elapsed = 00:00:10 . Memory (MB): peak = 4746.516 ; gain = 0.000
INFO: [Common 17-344] 'report_power' was cancelled
write_schematic {C:/Users/Levi Farinas/Documents/GitHub/Radar/Processing/Vivado/AD936X_PL/projects/fmcomms2/zc702/schematic.sch}
C:/Users/Levi Farinas/Documents/GitHub/Radar/Processing/Vivado/AD936X_PL/projects/fmcomms2/zc702/schematic.sch
write_schematic -format pdf -orientation portrait {C:/Users/Levi Farinas/Documents/GitHub/Radar/Processing/Vivado/AD936X_PL/projects/fmcomms2/zc702/schematic.pdf}
C:/Users/Levi Farinas/Documents/GitHub/Radar/Processing/Vivado/AD936X_PL/projects/fmcomms2/zc702/schematic.pdf
save_constraints
reset_run impl_1
launch_runs impl_1 -to_step write_bitstream -jobs 8
[Wed Aug 12 14:54:47 2026] Launched impl_1...
Run output will be captured here: C:/Users/Levi Farinas/Documents/GitHub/Radar/Processing/Vivado/AD936X_PL/projects/fmcomms2/zc702/zc702.runs/impl_1/runme.log
open_hw_manager
connect_hw_server -allow_non_jtag
INFO: [Labtools 27-2285] Connecting to hw_server url TCP:localhost:3121
INFO: [Labtools 27-2222] Launching hw_server...
INFO: [Labtools 27-2221] Launch Output:

****** Xilinx hw_server v2026.1
  **** Build date : May 29 2026 at 14:55:19
    ** Copyright 1986-2022 Xilinx, Inc. All Rights Reserved.


INFO: [Labtools 27-3415] Connecting to cs_server url TCP:localhost:0
INFO: [Labtools 27-3417] Launching cs_server...
INFO: [Labtools 27-2221] Launch Output:

****** Xilinx cs_server v2026.1
  **** Build Info : #60 | 2026-06-15 19:15 UTC | a9691a9
    ** Copyright 2017-2022 Xilinx, Inc. All Rights Reserved.
    ** Copyright 2022-2026 Advanced Micro Devices, Inc. All Rights Reserved.



connect_hw_server: Time (s): cpu = 00:00:01 ; elapsed = 00:00:12 . Memory (MB): peak = 4746.516 ; gain = 0.000
open_hw_target
INFO: [Labtoolstcl 44-466] Opening hw_target localhost:3121/xilinx_tcf/Digilent/000000000069A
set_property PROGRAM.FILE {C:/Users/Levi Farinas/Documents/GitHub/Radar/Processing/Vivado/AD936X_PL/projects/fmcomms2/zc702/zc702.runs/impl_1/system_top.bit} [get_hw_devices xc7z020_1]
current_hw_device [get_hw_devices xc7z020_1]
refresh_hw_device -update_hw_probes false [lindex [get_hw_devices xc7z020_1] 0]
INFO: [Labtools 27-1434] Device xc7z020 (JTAG device index = 1) is programmed with a design that has no supported soft debug core(s) in it.
set_property PROBES.FILE {} [get_hw_devices xc7z020_1]
set_property FULL_PROBES.FILE {} [get_hw_devices xc7z020_1]
set_property PROGRAM.FILE {C:/Users/Levi Farinas/Documents/GitHub/Radar/Processing/Vivado/AD936X_PL/projects/fmcomms2/zc702/zc702.runs/impl_1/system_top.bit} [get_hw_devices xc7z020_1]
program_hw_devices [get_hw_devices xc7z020_1]
INFO: [Labtools 27-3164] End of startup status: HIGH
refresh_hw_device [lindex [get_hw_devices xc7z020_1] 0]
INFO: [Labtools 27-1434] Device xc7z020 (JTAG device index = 1) is programmed with a design that has no supported soft debug core(s) in it.
ERROR: [Labtoolstcl 44-513] HW Target shutdown. Closing target: localhost:3121/xilinx_tcf/Digilent/000000000069A
exit
INFO: [Common 17-206] Exiting Vivado at Wed Aug 12 15:11:45 2026...
