INFO: [Common 17-3922] A valid Vivado Design Suite BASIC license has been detected. Your current license is active and will expire on 12-aug-2027.
#-----------------------------------------------------------
# Vivado v2026.1 (64-bit)
# SW Build 6511674 on Tue Jun 16 11:02:23 MDT 2026
# IP Build 6504888 on Tue Jun 09 09:05:25 MDT 2026
# SharedData Build 6501428 on Mon Jun 08 17:34:18 MDT 2026
# Start of session at: Wed Aug 12 14:02:40 2026
# Process ID         : 19788
# Current directory  : C:/Users/Levi Farinas/Documents/GitHub/Radar/Processing/Vivado/AD936X_PL/projects/fmcomms2/zc702
# Command line       : vivado.exe -gui_launcher_event rodinguilauncherevent19960 C:\Users\Levi Farinas\Documents\GitHub\Radar\Processing\Vivado\AD936X_PL\projects\fmcomms2\zc702\zc702.xpr
# Log file           : C:/Users/Levi Farinas/Documents/GitHub/Radar/Processing/Vivado/AD936X_PL/projects/fmcomms2/zc702/vivado.log
# Journal file       : C:/Users/Levi Farinas/Documents/GitHub/Radar/Processing/Vivado/AD936X_PL/projects/fmcomms2/zc702\vivado.jou
# Running On         : LevisPC
# Platform           : Windows 11
# Operating System   : 26200
# Processor Detail   : AMD Ryzen 7 5700X 8-Core Processor             
# CPU Frequency      : 3394 MHz
# CPU Physical cores : 8
# CPU Logical cores  : 16
# Host memory        : 34278 MB
# Swap memory        : 5368 MB
# Total Virtual      : 39647 MB
# Available Virtual  : 23387 MB
#-----------------------------------------------------------
start_gui
open_project {C:/Users/Levi Farinas/Documents/GitHub/Radar/Processing/Vivado/AD936X_PL/projects/fmcomms2/zc702/zc702.xpr}
INFO: [ProjectBase 1-489] The host OS only allows 260 characters in a normal path. The project is stored in a path with more than 80 characters. If you experience issues with IP, Block Designs, or files not being found, please consider moving the project to a location with a shorter path. Alternately consider using the OS subst command to map part of the path to a drive letter.
Current project path is 'C:/Users/Levi Farinas/Documents/GitHub/Radar/Processing/Vivado/AD936X_PL/projects/fmcomms2/zc702'
INFO: [Project 1-313] Project file moved from 'F:/FPGA_Code/7020_AD936X_SDR/AD936X_PL/projects/fmcomms2/zc702' since last save.
WARNING: [filemgmt 56-3] Board Part Repository Path: Could not find the directory 'C:/Users/zxk/AppData/Roaming/Xilinx/Vivado/2021.1/xhub/board_store/xilinx_board_store'.
WARNING: [filemgmt 56-2] IP Repository Path: Could not find the directory 'C:/Users/Levi Farinas/Documents/GitHub/Radar/Processing/MyCore_7010_V3/AD936X_PL/library', nor could it be found using path 'F:/FPGA_Code/MyCore_7010_V3/AD936X_PL/library'.
WARNING: [filemgmt 56-2] IP Repository Path: Could not find the directory 'C:/Users/Levi Farinas/Documents/GitHub/Radar/Processing/MyCore_7010_V3/ghdl/library', nor could it be found using path 'F:/FPGA_Code/MyCore_7010_V3/ghdl/library'.
Scanning sources...
Finished scanning sources
WARNING: [Project 1-5713] Board part '' set for the project  is not found. BoardPart property will be unset. Please select board from latest repo build 
INFO: [IP_Flow 19-234] Refreshing IP repositories
WARNING: [IP_Flow 19-2248] Failed to load user IP repository 'c:/Users/Levi Farinas/Documents/GitHub/Radar/Processing/MyCore_7010_V3/AD936X_PL/library'; Can't find the specified path.
If this directory should no longer be in your list of user repositories, go to the IP Settings dialog and remove it.
WARNING: [IP_Flow 19-2248] Failed to load user IP repository 'c:/Users/Levi Farinas/Documents/GitHub/Radar/Processing/MyCore_7010_V3/ghdl/library'; Can't find the specified path.
If this directory should no longer be in your list of user repositories, go to the IP Settings dialog and remove it.
INFO: [IP_Flow 19-2313] Loaded Vivado IP repository 'C:/AMDDesignTools/2026.1/Vivado/data/ip'.
WARNING: [BD 41-1661] One or more IPs have been locked in the design 'system.bd'. Please run report_ip_status for more details and recommendations on how to fix this issue.
List of locked IPs:
system_axi_ad9361_adc_dma_0
system_axi_ad9361_dac_fifo_0
system_sys_rstgen_0
system_GND_1_0
system_axi_ad9361_0
system_axi_ad9361_dac_dma_0
system_auto_pc_0
system_util_ad9361_divclk_0
system_xbar_0
system_auto_pc_3
system_auto_pc_1
system_auto_pc_2
system_axi_cpu_interconnect_0
system_axi_hp1_interconnect_0
system_util_ad9361_tdd_sync_0
system_axi_hp2_interconnect_0
system_sys_200m_rstgen_0
system_sys_concat_intc_0
system_sys_ps7_0
system_util_ad9361_adc_fifo_0
system_util_ad9361_adc_pack_0
system_util_ad9361_dac_upack_0
system_util_ad9361_divclk_reset_0
system_util_ad9361_divclk_sel_0
system_util_ad9361_divclk_sel_concat_0

INFO: [Project 1-230] Project 'zc702.xpr' upgraded for this version of Vivado.
INFO: [Project 1-5698] Found the below utility IPs instantiated in block design C:/Users/Levi Farinas/Documents/GitHub/Radar/Processing/Vivado/AD936X_PL/projects/fmcomms2/zc702/zc702.srcs/sources_1/bd/system/system.bd which have equivalent inline hdl with improved performance and reduced diskspace.
It is recommended to migrate these utility IPs to inline hdl  using the command upgrade_project -migrate_to_inline_hdl.  The utility IPs may be deprecated in future releases.
More information on inline hdl is available in UG994.
Utility IP Component Instances:
 system_GND_1_0
system_sys_concat_intc_0
system_util_ad9361_divclk_sel_0
system_util_ad9361_divclk_sel_concat_0
CRITICAL WARNING: [IP_Flow 19-12242] The directory  "C:/Users/Levi Farinas/Documents/GitHub/Radar/Processing/Vivado/AD936X_PL/projects/fmcomms2/zc702/zc702.cache/ip" contains files or folders that are not typically found in an IP cache directory. Please manually delete these files or folders.
open_project: Time (s): cpu = 00:00:19 ; elapsed = 00:00:17 . Memory (MB): peak = 1854.754 ; gain = 247.363
update_compile_order -fileset sources_1
report_ip_status -name ip_status 
exit
INFO: [Common 17-206] Exiting Vivado at Wed Aug 12 14:07:23 2026...
