Copyright 1986-2021 Xilinx, Inc. All Rights Reserved.
----------------------------------------------------------------------------------------
| Tool Version : Vivado v.2021.1 (win64) Build 3247384 Thu Jun 10 19:36:33 MDT 2021
| Date         : Thu Aug 20 13:58:50 2026
| Host         : LevisPC running 64-bit major release  (build 9200)
| Command      : report_incremental_reuse -file system_top_incremental_reuse_routed.rpt
| Design       : system_top
| Device       : xc7z020
| Design State : Routed
----------------------------------------------------------------------------------------

Incremental Implementation Information

Table of Contents
-----------------
1. Incremental Flow Summary
2. Reuse Summary
3. Reference Checkpoint Information
4. Comparison with Reference Run
5. Optimization Comparison With Reference Run
5.1 iphys_opt_replay Optimizations
5.2 QoR Suggestion Optimizations
6. Command Comparison with Reference Run
6.1 Reference:
6.2 Incremental:
7. Non Reuse Information

1. Incremental Flow Summary
---------------------------

+-----------------------+------------------+
|    Flow Information   |       Value      |
+-----------------------+------------------+
| Synthesis Flow        |          Default |
| Auto Incremental      |              Yes |
| Incremental Directive | RuntimeOptimized |
| Reuse mode            |             High |
| Target WNS            |              0.0 |
| QoR Suggestions       |                0 |
+-----------------------+------------------+


2. Reuse Summary
----------------

+-------+------------------------------+------------------------------------+----------------------------+--------------------+--------+
|  Type | Matched % (of Initial Total) | Initial Reuse % (of Initial Total) | Current Reuse % (of Total) | Fixed % (of Total) |  Total |
+-------+------------------------------+------------------------------------+----------------------------+--------------------+--------+
| Cells |                       100.00 |                             100.00 |                     100.00 |               0.45 |  41025 |
| Nets  |                       100.00 |                             100.00 |                     100.00 |               0.00 |  29678 |
| Pins  |                            - |                             100.00 |                     100.00 |                  - | 135369 |
| Ports |                       100.00 |                             100.00 |                     100.00 |             100.00 |    183 |
+-------+------------------------------+------------------------------------+----------------------------+--------------------+--------+


3. Reference Checkpoint Information
-----------------------------------

+----------------+------------------------------------------------------------------------------------------------------------------------------------------+
| DCP Location:  | C:/Users/Levi Farinas/Documents/GitHub/Radar/Processing/Firmware/AD936X_PL/Radar/Radar.srcs/utils_1/imports/impl_1/system_top_routed.dcp |
+----------------+------------------------------------------------------------------------------------------------------------------------------------------+


+--------------------------------+----------------------------+
|         DCP Information        |            Value           |
+--------------------------------+----------------------------+
| Vivado Version                 |                     2021.1 |
| DCP State                      |                 POST_ROUTE |
| Recorded WNS                   |                      0.409 |
| Recorded WHS                   |                      0.011 |
| Reference Speed File Version   | PRODUCTION 1.12 2019-11-22 |
| Incremental Speed File Version | PRODUCTION 1.12 2019-11-22 |
+--------------------------------+----------------------------+
* Recorded WNS/WHS timing numbers are estimated timing numbers. They may vary slightly from sign-off timing numbers.


4. Comparison with Reference Run
--------------------------------

+-----------------+---------------------------+---------------------------+---------------------------+
|                 |          WNS(ns)          |  Runtime(elapsed)(hh:mm)  |    Runtime(cpu)(hh:mm)    |
+-----------------+-------------+-------------+-------------+-------------+-------------+-------------+
|      Stage      |  Reference  | Incremental |  Reference  | Incremental |  Reference  | Incremental |
+-----------------+-------------+-------------+-------------+-------------+-------------+-------------+
| synth_design    |             |             |     < 1 min |     < 1 min |     < 1 min |     < 1 min |
| opt_design      |             |             |       00:01 |       00:01 |     < 1 min |     < 1 min |
| read_checkpoint |             |             |     < 1 min |     < 1 min |     < 1 min |     < 1 min |
| place_design    |       0.409 |       0.409 |     < 1 min |     < 1 min |     < 1 min |     < 1 min |
| phys_opt_design |       0.409 |       0.409 |     < 1 min |     < 1 min |     < 1 min |     < 1 min |
| route_design    |       0.409 |       0.409 |     < 1 min |     < 1 min |     < 1 min |     < 1 min |
+-----------------+-------------+-------------+-------------+-------------+-------------+-------------+


5. Optimization Comparison With Reference Run
---------------------------------------------

5.1 iphys_opt_replay Optimizations
----------------------------------

+-------------------------+--------+------------+
| iphys_opt_design replay | Reused | Not Reused |
+-------------------------+--------+------------+


5.2 QoR Suggestion Optimizations
--------------------------------

+-----------------+-------+
| QoR Suggestions | Value |
+-----------------+-------+


6. Command Comparison with Reference Run
----------------------------------------

6.1 Reference:
--------------
synth_design-verilog_define default::[not_specified] -top  system_top -part  xc7z020clg400-2 
opt_design
read_checkpoint -directive RuntimeOptimized  -incremental -auto_incremental C:/Users/Levi Farinas/Documents/GitHub/Radar/Processing/Firmware/AD936X_PL/Radar/Radar.srcs/utils_1/imports/impl_1/system_top_routed.dcp
place_design
phys_opt_design
route_design

6.2 Incremental:
----------------
synth_design-verilog_define default::[not_specified] -top  system_top -part  xc7z020clg400-2 
opt_design
read_checkpoint -directive RuntimeOptimized  -incremental -auto_incremental C:/Users/Levi Farinas/Documents/GitHub/Radar/Processing/Firmware/AD936X_PL/Radar/Radar.srcs/utils_1/imports/impl_1/system_top_routed.dcp
place_design
phys_opt_design
route_design

7. Non Reuse Information
------------------------

+-----------------------+------+
|          Type         |   %  |
+-----------------------+------+
| Non-Reused Cells      | 0.00 |
| Partially reused nets | 0.00 |
| Non-Reused nets       | 0.00 |
| Non-Reused Ports      | 0.00 |
+-----------------------+------+


